// Jest Snapshot v1, https://goo.gl/fbAQLP

exports[`Button tests should render correct add button 1`] = `
.c0 {
  cursor: pointer;
  display: inline-block;
}

<div>
  <div
    aria-hidden="true"
    class="c0"
    role="button"
    title="I am button"
  >
    <svg
      fill="none"
      height="25px"
      viewBox="0 0 25 25"
      width="25px"
    >
      <path
        d="M12.5 5V20M5 12.5H20"
        stroke="#121923"
        stroke-width="1.2"
      />
    </svg>
  </div>
</div>
`;
